******************************************************************************
                  TI ARM Linker PC v20.2.7                     
******************************************************************************
>> Linked Sun Dec 10 15:53:47 2023

OUTPUT FILE NAME:   <project.out>
ENTRY POINT SYMBOL: "_c_int00_noargs"  address: 00002ead


MEMORY CONFIGURATION

         name            origin    length      used     unused   attr    fill
----------------------  --------  ---------  --------  --------  ----  --------
  FLASH                 00000000   00040000  00003205  0003cdfb  R  X
  SRAM                  20000000   00008000  000022e6  00005d1a  RW X


SEGMENT ALLOCATION MAP

run origin  load origin   length   init length attrs members
----------  ----------- ---------- ----------- ----- -------
00000000    00000000    00003208   00003208    r-x
  00000000    00000000    0000026c   0000026c    r-- .intvecs
  0000026c    0000026c    00002e50   00002e50    r-x .text
  000030bc    000030bc    00000109   00000109    r-- .const
  000031c8    000031c8    00000040   00000040    r-- .cinit
20000000    20000000    000022ea   00000000    rw-
  20000000    20000000    0000026c   00000000    rw- .vtable
  20000270    20000270    00001000   00000000    rw- .stack
  20001270    20001270    00001000   00000000    rw- .sysmem
  20002270    20002270    00000064   00000000    rw- .bss
  200022d4    200022d4    00000016   00000000    rw- .data


SECTION ALLOCATION MAP

 output                                  attributes/
section   page    origin      length       input sections
--------  ----  ----------  ----------   ----------------
.intvecs   0    00000000    0000026c     
                  00000000    0000026c     tm4c123gh6pm_startup_ccs.obj (.intvecs)

.text      0    0000026c    00002e50     
                  0000026c    00000a4e     rtsv7M4_T_le_v4SPD16_eabi.lib : _printfi.c.obj (.text:__TI_printfi)
                  00000cba    00000002                                   : _lock.c.obj (.text:_nop)
                  00000cbc    000004cc     Scheduler.obj (.text)
                  00001188    00000328     lcd.obj (.text)
                  000014b0    00000270     rtsv7M4_T_le_v4SPD16_eabi.lib : _printfi.c.obj (.text:_pconv_a)
                  00001720    00000248     Timer.obj (.text)
                  00001968    000001d0     rtsv7M4_T_le_v4SPD16_eabi.lib : _printfi.c.obj (.text:_pconv_g)
                  00001b38    000001b6                                   : fd_add_t2.asm.obj (.text)
                  00001cee    00000002                                   : div0.asm.obj (.text)
                  00001cf0    00000150     main.obj (.text)
                  00001e40    0000013c     rtsv7M4_T_le_v4SPD16_eabi.lib : _printfi.c.obj (.text:_pconv_e)
                  00001f7c    00000136                                   : fd_div_t2.asm.obj (.text)
                  000020b2    00000002     --HOLE-- [fill = 0]
                  000020b4    00000124                                   : _printfi.c.obj (.text:fcvt)
                  000021d8    00000110                                   : s_scalbn.c.obj (.text:scalbn)
                  000022e8    00000100                                   : memory.c.obj (.text:aligned_alloc)
                  000023e8    000000fc                                   : fd_mul_t2.asm.obj (.text)
                  000024e4    000000e4                                   : memory.c.obj (.text:free)
                  000025c8    000000b1                                   : _printfi.c.obj (.text:_ltostr)
                  00002679    00000001     --HOLE-- [fill = 0]
                  0000267a    0000009c                                   : memcpy_t2.asm.obj (.text)
                  00002716    00000096                                   : ull_div_t2.asm.obj (.text)
                  000027ac    00000088     testTasks.obj (.text)
                  00002834    00000086     rtsv7M4_T_le_v4SPD16_eabi.lib : fd_cmp_t2.asm.obj (.text:__aeabi_cdcmple)
                  000028ba    00000086                                   : fd_cmp_t2.asm.obj (.text:__aeabi_cdrcmple)
                  00002940    0000007e     Utils.obj (.text)
                  000029be    0000007a     rtsv7M4_T_le_v4SPD16_eabi.lib : memset_t2.asm.obj (.text)
                  00002a38    00000070                                   : memory.c.obj (.text:split)
                  00002aa8    0000006e                                   : _printfi.c.obj (.text:_mcpy)
                  00002b16    00000068                                   : copy_decompress_lzss.c.obj (.text:decompress:lzss:__TI_decompress_lzss)
                  00002b7e    00000002     --HOLE-- [fill = 0]
                  00002b80    00000064                                   : s_frexp.c.obj (.text:frexp)
                  00002be4    00000056                                   : _printfi.c.obj (.text:_pconv_f)
                  00002c3a    00000054                                   : _ltoa.c.obj (.text:__TI_ltoa)
                  00002c8e    00000052                                   : _printfi.c.obj (.text:_ecpy)
                  00002ce0    0000004c                                   : atoi.c.obj (.text:atoi)
                  00002d2c    00000048                                   : fd_toi_t2.asm.obj (.text)
                  00002d74    00000044                                   : autoinit.c.obj (.text:__TI_auto_init_nobinit_nopinit:__TI_auto_init_nobinit_nopinit)
                  00002db8    00000040                                   : sprintf.c.obj (.text:sprintf)
                  00002df8    00000040                                   : vsnprintf.c.obj (.text:vsnprintf)
                  00002e38    0000003e                                   : _printfi.c.obj (.text:_fcpy)
                  00002e76    00000002     --HOLE-- [fill = 0]
                  00002e78    00000034     driverlib.lib : interrupt.obj (.text:IntRegister)
                  00002eac    00000034     rtsv7M4_T_le_v4SPD16_eabi.lib : boot_cortex_m.c.obj (.text:_c_int00_noargs:_c_int00_noargs)
                  00002ee0    00000030                                   : vsnprintf.c.obj (.text:_outs)
                  00002f10    0000002e                                   : i_tofd_t2.asm.obj (.text)
                  00002f3e    00000002     --HOLE-- [fill = 0]
                  00002f40    00000028                                   : memory.c.obj (.text:free_list_insert)
                  00002f68    0000001c                                   : copy_zero_init.c.obj (.text:decompress:ZI:__TI_zero_init_nomemset:__TI_zero_init_nomemset)
                  00002f84    0000001c                                   : memory.c.obj (.text:free_list_remove)
                  00002fa0    0000001c                                   : memccpy.c.obj (.text:memccpy)
                  00002fbc    0000001a                                   : s_copysign.c.obj (.text:copysign)
                  00002fd6    00000018                                   : vsnprintf.c.obj (.text:_outc)
                  00002fee    00000018                                   : sprintf.c.obj (.text:_outs)
                  00003006    00000018                                   : strcmp.c.obj (.text:strcmp)
                  0000301e    00000016                                   : strchr.c.obj (.text:strchr)
                  00003034    00000014                                   : strcpy.c.obj (.text:strcpy)
                  00003048    00000014                                   : strlen.c.obj (.text:strlen)
                  0000305c    00000012                                   : wcslen.c.obj (.text:wcslen)
                  0000306e    00000010     lcd.obj (.text:lcd_clear)
                  0000307e    0000000e     rtsv7M4_T_le_v4SPD16_eabi.lib : copy_decompress_none.c.obj (.text:decompress:none:__TI_decompress_none)
                  0000308c    0000000c     tm4c123gh6pm_startup_ccs.obj (.text)
                  00003098    0000000a     rtsv7M4_T_le_v4SPD16_eabi.lib : sprintf.c.obj (.text:_outc)
                  000030a2    00000002     --HOLE-- [fill = 0]
                  000030a4    00000008                                   : errno.c.obj (.text:__aeabi_errno_addr)
                  000030ac    00000008                                   : memory.c.obj (.text:malloc)
                  000030b4    00000004                                   : pre_init.c.obj (.text:_system_pre_init)
                  000030b8    00000004                                   : exit.c.obj (.text:abort:abort)

.const     0    000030bc    00000109     
                  000030bc    00000101     rtsv7M4_T_le_v4SPD16_eabi.lib : ctype.c.obj (.const:.string:_ctypes_)
                  000031bd    00000004     lcd.obj (.const:.string:lineAddress$1)
                  000031c1    00000004     lcd.obj (.const:.string:lineAddresses$2)

.cinit     0    000031c8    00000040     
                  000031c8    0000000c     (.cinit..data.load) [load image, compression = lzss]
                  000031d4    0000000c     (__TI_handler_table)
                  000031e0    00000008     (.cinit..bss.load) [load image, compression = zero_init]
                  000031e8    00000008     (.cinit..vtable.load) [load image, compression = zero_init]
                  000031f0    00000018     (__TI_cinit_table)

.init_array 
*          0    00000000    00000000     UNINITIALIZED

.vtable    0    20000000    0000026c     UNINITIALIZED
                  20000000    0000026c     driverlib.lib : interrupt.obj (.vtable)

.stack     0    20000270    00001000     UNINITIALIZED
                  20000270    00000004     rtsv7M4_T_le_v4SPD16_eabi.lib : boot_cortex_m.c.obj (.stack)
                  20000274    00000ffc     --HOLE--

.sysmem    0    20001270    00001000     UNINITIALIZED
                  20001270    00000010     rtsv7M4_T_le_v4SPD16_eabi.lib : memory.c.obj (.sysmem)
                  20001280    00000ff0     --HOLE--

.bss       0    20002270    00000064     UNINITIALIZED
                  20002270    00000054     lcd.obj (.bss:lastbuffer$3)
                  200022c4    0000000c     (.common:aperList)
                  200022d0    00000004     (.common:_timeout_ticks)

.data      0    200022d4    00000016     UNINITIALIZED
                  200022d4    00000008     rtsv7M4_T_le_v4SPD16_eabi.lib : _lock.c.obj (.data:$O1$$)
                  200022dc    00000008                                   : memory.c.obj (.data:$O1$$)
                  200022e4    00000004                                   : errno.c.obj (.data)
                  200022e8    00000001     Timer.obj (.data)
                  200022e9    00000001     testTasks.obj (.data)

__llvm_prf_cnts 
*          0    20000000    00000000     UNINITIALIZED

MODULE SUMMARY

       Module                         code    ro data   rw data
       ------                         ----    -------   -------
    .\
       Scheduler.obj                  1228    0         12     
       lcd.obj                        824     8         84     
       tm4c123gh6pm_startup_ccs.obj   12      620       0      
       Timer.obj                      584     0         5      
       main.obj                       336     0         0      
       testTasks.obj                  136     0         1      
       Utils.obj                      126     0         0      
    +--+------------------------------+-------+---------+---------+
       Total:                         3246    628       102    
                                                               
    C:/ti/TivaWare_C_Series-2.2.0.295/driverlib/ccs/Debug/driverlib.lib
       interrupt.obj                  52      0         620    
    +--+------------------------------+-------+---------+---------+
       Total:                         52      0         620    
                                                               
    C:\ti\ccs1230\ccs\tools\compiler\ti-cgt-arm_20.2.7.LTS\lib\rtsv7M4_T_le_v4SPD16_eabi.lib
       _printfi.c.obj                 4851    0         0      
       memory.c.obj                   672     0         8      
       fd_add_t2.asm.obj              438     0         0      
       fd_div_t2.asm.obj              310     0         0      
       s_scalbn.c.obj                 272     0         0      
       fd_cmp_t2.asm.obj              268     0         0      
       ctype.c.obj                    0       257       0      
       fd_mul_t2.asm.obj              252     0         0      
       memcpy_t2.asm.obj              156     0         0      
       ull_div_t2.asm.obj             150     0         0      
       vsnprintf.c.obj                136     0         0      
       memset_t2.asm.obj              122     0         0      
       copy_decompress_lzss.c.obj     104     0         0      
       s_frexp.c.obj                  100     0         0      
       sprintf.c.obj                  98      0         0      
       _ltoa.c.obj                    84      0         0      
       atoi.c.obj                     76      0         0      
       fd_toi_t2.asm.obj              72      0         0      
       autoinit.c.obj                 68      0         0      
       boot_cortex_m.c.obj            52      0         0      
       i_tofd_t2.asm.obj              46      0         0      
       copy_zero_init.c.obj           28      0         0      
       memccpy.c.obj                  28      0         0      
       s_copysign.c.obj               26      0         0      
       strcmp.c.obj                   24      0         0      
       strchr.c.obj                   22      0         0      
       strcpy.c.obj                   20      0         0      
       strlen.c.obj                   20      0         0      
       wcslen.c.obj                   18      0         0      
       copy_decompress_none.c.obj     14      0         0      
       errno.c.obj                    8       0         4      
       _lock.c.obj                    2       0         8      
       exit.c.obj                     4       0         0      
       pre_init.c.obj                 4       0         0      
       div0.asm.obj                   2       0         0      
    +--+------------------------------+-------+---------+---------+
       Total:                         8547    257       20     
                                                               
       Heap:                          0       0         4096   
       Stack:                         0       0         4096   
       Linker Generated:              0       64        0      
    +--+------------------------------+-------+---------+---------+
       Grand Total:                   11845   949       8934   


LINKER GENERATED COPY TABLES

__TI_cinit_table @ 000031f0 records: 3, size/record: 8, table size: 24
	.data: load addr=000031c8, load size=0000000c bytes, run addr=200022d4, run size=00000016 bytes, compression=lzss
	.bss: load addr=000031e0, load size=00000008 bytes, run addr=20002270, run size=00000064 bytes, compression=zero_init
	.vtable: load addr=000031e8, load size=00000008 bytes, run addr=20000000, run size=0000026c bytes, compression=zero_init


LINKER GENERATED HANDLER TABLE

__TI_handler_table @ 000031d4 records: 3, size/record: 4, table size: 12
	index: 0, handler: __TI_zero_init
	index: 1, handler: __TI_decompress_lzss
	index: 2, handler: __TI_decompress_none


GLOBAL SYMBOLS: SORTED ALPHABETICALLY BY Name 

address   name                          
-------   ----                          
000030b9  C$$EXIT                       
00002e79  IntRegister                   
0000308d  ResetISR                      
20001270  __STACK_END                   
00001000  __STACK_SIZE                  
20000470  __STACK_TOP                   
00001000  __SYSMEM_SIZE                 
000031f0  __TI_CINIT_Base               
00003208  __TI_CINIT_Limit              
000031d4  __TI_Handler_Table_Base       
000031e0  __TI_Handler_Table_Limit      
00002d75  __TI_auto_init_nobinit_nopinit
00002b17  __TI_decompress_lzss          
0000307f  __TI_decompress_none          
00002c3b  __TI_ltoa                     
ffffffff  __TI_pprof_out_hndl           
0000026d  __TI_printfi                  
ffffffff  __TI_prof_data_size           
ffffffff  __TI_prof_data_start          
00000000  __TI_static_base__            
00002f69  __TI_zero_init_nomemset       
00002835  __aeabi_cdcmpeq               
00002835  __aeabi_cdcmple               
000028bb  __aeabi_cdrcmple              
00002d2d  __aeabi_d2iz                  
00001b43  __aeabi_dadd                  
00001f7d  __aeabi_ddiv                  
000023e9  __aeabi_dmul                  
00001b39  __aeabi_dsub                  
000030a5  __aeabi_errno_addr            
00002f11  __aeabi_i2d                   
00001cef  __aeabi_idiv0                 
00001cef  __aeabi_ldiv0                 
000029bf  __aeabi_memclr                
000029bf  __aeabi_memclr4               
000029bf  __aeabi_memclr8               
0000267b  __aeabi_memcpy                
0000267b  __aeabi_memcpy4               
0000267b  __aeabi_memcpy8               
000029c1  __aeabi_memset                
000029c1  __aeabi_memset4               
000029c1  __aeabi_memset8               
00002717  __aeabi_uldivmod              
ffffffff  __binit__                     
ffffffff  __c_args__                    
UNDEFED   __mpu_init                    
20000270  __stack                       
20000000  __start___llvm_prf_cnts       
20000000  __stop___llvm_prf_cnts        
00002ead  _c_int00_noargs               
000030bc  _ctypes_                      
200022d4  _lock                         
00000cbb  _nop                          
200022e8  _running                      
20001270  _sys_memory                   
UNDEFED   _system_post_cinit            
000030b5  _system_pre_init              
200022d0  _timeout_ticks                
200022d8  _unlock                       
000030b9  abort                         
00001047  addAperiodic                  
000022e9  aligned_alloc                 
200022c4  aperList                      
00001129  aperListDequeue               
0000116b  aperListPeek                  
00000f6b  aperiodicServer               
00002ce1  atoi                          
ffffffff  binit                         
00000e2d  buildScheduleEDF              
00002fbd  copysign                      
00002fbd  copysignl                     
200022e4  errno                         
00002805  exitTask                      
00000ff9  fillPeriodicTask              
000024e5  free                          
00001113  freeAperList                  
000010b9  freePeriodicSchedule          
000010a5  freePeriodicTask              
000010cd  freePeriodicTaskSet           
00001099  freeTask                      
00002b81  frexp                         
00002b81  frexpl                        
20000000  g_pfnRAMVectors               
00000000  g_pfnVectors                  
00001cf1  handleError                   
200022e9  i                             
0000306f  lcd_clear                     
0000135d  lcd_gotoLine                  
000011c5  lcd_init                      
000013c3  lcd_printf                    
00001285  lcd_putc                      
000012bd  lcd_puts                      
00001189  lcd_reverseNibble             
000012db  lcd_sendCommand               
00001319  lcd_sendNibble                
00001385  lcd_setCursorPos              
000021d9  ldexp                         
000021d9  ldexpl                        
00002941  leastCommonMultiple           
00001d4d  main                          
000030ad  malloc                        
000022e9  memalign                      
00002fa1  memccpy                       
0000267b  memcpy                        
000029c7  memset                        
00000fd3  newPeriodicTask               
00001023  newTask                       
000027ef  oneMilliTask                  
00000cc9  run                           
000021d9  scalbn                        
000021d9  scalbnl                       
00000cbd  sched_init                    
00002db9  sprintf                       
00000e19  stopRun                       
0000301f  strchr                        
00003007  strcmp                        
00003035  strcpy                        
00003049  strlen                        
0000183f  timer_getMicros               
000017e7  timer_getMillis               
00001721  timer_init                    
000017c3  timer_pause                   
000017d5  timer_resume                  
00001799  timer_stop                    
00001899  timer_waitMicros              
000018cb  timer_waitMillis              
000027b9  twoMillisTask                 
00002df9  vsnprintf                     
0000305d  wcslen                        
000027ad  yieldError                    


GLOBAL SYMBOLS: SORTED BY Symbol Address 

address   name                          
-------   ----                          
00000000  __TI_static_base__            
00000000  g_pfnVectors                  
0000026d  __TI_printfi                  
00000cbb  _nop                          
00000cbd  sched_init                    
00000cc9  run                           
00000e19  stopRun                       
00000e2d  buildScheduleEDF              
00000f6b  aperiodicServer               
00000fd3  newPeriodicTask               
00000ff9  fillPeriodicTask              
00001000  __STACK_SIZE                  
00001000  __SYSMEM_SIZE                 
00001023  newTask                       
00001047  addAperiodic                  
00001099  freeTask                      
000010a5  freePeriodicTask              
000010b9  freePeriodicSchedule          
000010cd  freePeriodicTaskSet           
00001113  freeAperList                  
00001129  aperListDequeue               
0000116b  aperListPeek                  
00001189  lcd_reverseNibble             
000011c5  lcd_init                      
00001285  lcd_putc                      
000012bd  lcd_puts                      
000012db  lcd_sendCommand               
00001319  lcd_sendNibble                
0000135d  lcd_gotoLine                  
00001385  lcd_setCursorPos              
000013c3  lcd_printf                    
00001721  timer_init                    
00001799  timer_stop                    
000017c3  timer_pause                   
000017d5  timer_resume                  
000017e7  timer_getMillis               
0000183f  timer_getMicros               
00001899  timer_waitMicros              
000018cb  timer_waitMillis              
00001b39  __aeabi_dsub                  
00001b43  __aeabi_dadd                  
00001cef  __aeabi_idiv0                 
00001cef  __aeabi_ldiv0                 
00001cf1  handleError                   
00001d4d  main                          
00001f7d  __aeabi_ddiv                  
000021d9  ldexp                         
000021d9  ldexpl                        
000021d9  scalbn                        
000021d9  scalbnl                       
000022e9  aligned_alloc                 
000022e9  memalign                      
000023e9  __aeabi_dmul                  
000024e5  free                          
0000267b  __aeabi_memcpy                
0000267b  __aeabi_memcpy4               
0000267b  __aeabi_memcpy8               
0000267b  memcpy                        
00002717  __aeabi_uldivmod              
000027ad  yieldError                    
000027b9  twoMillisTask                 
000027ef  oneMilliTask                  
00002805  exitTask                      
00002835  __aeabi_cdcmpeq               
00002835  __aeabi_cdcmple               
000028bb  __aeabi_cdrcmple              
00002941  leastCommonMultiple           
000029bf  __aeabi_memclr                
000029bf  __aeabi_memclr4               
000029bf  __aeabi_memclr8               
000029c1  __aeabi_memset                
000029c1  __aeabi_memset4               
000029c1  __aeabi_memset8               
000029c7  memset                        
00002b17  __TI_decompress_lzss          
00002b81  frexp                         
00002b81  frexpl                        
00002c3b  __TI_ltoa                     
00002ce1  atoi                          
00002d2d  __aeabi_d2iz                  
00002d75  __TI_auto_init_nobinit_nopinit
00002db9  sprintf                       
00002df9  vsnprintf                     
00002e79  IntRegister                   
00002ead  _c_int00_noargs               
00002f11  __aeabi_i2d                   
00002f69  __TI_zero_init_nomemset       
00002fa1  memccpy                       
00002fbd  copysign                      
00002fbd  copysignl                     
00003007  strcmp                        
0000301f  strchr                        
00003035  strcpy                        
00003049  strlen                        
0000305d  wcslen                        
0000306f  lcd_clear                     
0000307f  __TI_decompress_none          
0000308d  ResetISR                      
000030a5  __aeabi_errno_addr            
000030ad  malloc                        
000030b5  _system_pre_init              
000030b9  C$$EXIT                       
000030b9  abort                         
000030bc  _ctypes_                      
000031d4  __TI_Handler_Table_Base       
000031e0  __TI_Handler_Table_Limit      
000031f0  __TI_CINIT_Base               
00003208  __TI_CINIT_Limit              
20000000  __start___llvm_prf_cnts       
20000000  __stop___llvm_prf_cnts        
20000000  g_pfnRAMVectors               
20000270  __stack                       
20000470  __STACK_TOP                   
20001270  __STACK_END                   
20001270  _sys_memory                   
200022c4  aperList                      
200022d0  _timeout_ticks                
200022d4  _lock                         
200022d8  _unlock                       
200022e4  errno                         
200022e8  _running                      
200022e9  i                             
ffffffff  __TI_pprof_out_hndl           
ffffffff  __TI_prof_data_size           
ffffffff  __TI_prof_data_start          
ffffffff  __binit__                     
ffffffff  __c_args__                    
ffffffff  binit                         
UNDEFED   __mpu_init                    
UNDEFED   _system_post_cinit            

[130 symbols]
